22:34:00 **** Build of project standalone_bsp_0 ****
make -k all 
Running Make include in ps7_cortexa9_0/libsrc/ddrps_v1_0/src
make -C ps7_cortexa9_0/libsrc/ddrps_v1_0/src -s include  "SHELL=/bin/sh" "COMPILER=arm-xilinx-eabi-gcc" "ARCHIVER=arm-xilinx-eabi-ar" "COMPILER_FLAGS=  -O2 -c" "EXTRA_COMPILER_FLAGS=-g"
Running Make include in ps7_cortexa9_0/libsrc/uartps_v3_1/src
make -C ps7_cortexa9_0/libsrc/uartps_v3_1/src -s include  "SHELL=/bin/sh" "COMPILER=arm-xilinx-eabi-gcc" "ARCHIVER=arm-xilinx-eabi-ar" "COMPILER_FLAGS=  -O2 -c" "EXTRA_COMPILER_FLAGS=-g"
Running Make include in ps7_cortexa9_0/libsrc/devcfg_v3_3/src
make -C ps7_cortexa9_0/libsrc/devcfg_v3_3/src -s include  "SHELL=/bin/sh" "COMPILER=arm-xilinx-eabi-gcc" "ARCHIVER=arm-xilinx-eabi-ar" "COMPILER_FLAGS=  -O2 -c" "EXTRA_COMPILER_FLAGS=-g"
Running Make include in ps7_cortexa9_0/libsrc/xadcps_v2_2/src
make -C ps7_cortexa9_0/libsrc/xadcps_v2_2/src -s include  "SHELL=/bin/sh" "COMPILER=arm-xilinx-eabi-gcc" "ARCHIVER=arm-xilinx-eabi-ar" "COMPILER_FLAGS=  -O2 -c" "EXTRA_COMPILER_FLAGS=-g"
Running Make include in ps7_cortexa9_0/libsrc/ttcps_v3_0/src
make -C ps7_cortexa9_0/libsrc/ttcps_v3_0/src -s include  "SHELL=/bin/sh" "COMPILER=arm-xilinx-eabi-gcc" "ARCHIVER=arm-xilinx-eabi-ar" "COMPILER_FLAGS=  -O2 -c" "EXTRA_COMPILER_FLAGS=-g"
Running Make include in ps7_cortexa9_0/libsrc/axidma_v9_0/src
make -C ps7_cortexa9_0/libsrc/axidma_v9_0/src -s include  "SHELL=/bin/sh" "COMPILER=arm-xilinx-eabi-gcc" "ARCHIVER=arm-xilinx-eabi-ar" "COMPILER_FLAGS=  -O2 -c" "EXTRA_COMPILER_FLAGS=-g"
Running Make include in ps7_cortexa9_0/libsrc/gpiops_v3_1/src
make -C ps7_cortexa9_0/libsrc/gpiops_v3_1/src -s include  "SHELL=/bin/sh" "COMPILER=arm-xilinx-eabi-gcc" "ARCHIVER=arm-xilinx-eabi-ar" "COMPILER_FLAGS=  -O2 -c" "EXTRA_COMPILER_FLAGS=-g"
Running Make include in ps7_cortexa9_0/libsrc/canps_v3_0/src
make -C ps7_cortexa9_0/libsrc/canps_v3_0/src -s include  "SHELL=/bin/sh" "COMPILER=arm-xilinx-eabi-gcc" "ARCHIVER=arm-xilinx-eabi-ar" "COMPILER_FLAGS=  -O2 -c" "EXTRA_COMPILER_FLAGS=-g"
Running Make include in ps7_cortexa9_0/libsrc/scuwdt_v2_1/src
make -C ps7_cortexa9_0/libsrc/scuwdt_v2_1/src -s include  "SHELL=/bin/sh" "COMPILER=arm-xilinx-eabi-gcc" "ARCHIVER=arm-xilinx-eabi-ar" "COMPILER_FLAGS=  -O2 -c" "EXTRA_COMPILER_FLAGS=-g"
Running Make include in ps7_cortexa9_0/libsrc/standalone_v5_3/src
make -C ps7_cortexa9_0/libsrc/standalone_v5_3/src -s include  "SHELL=/bin/sh" "COMPILER=arm-xilinx-eabi-gcc" "ARCHIVER=arm-xilinx-eabi-ar" "COMPILER_FLAGS=  -O2 -c" "EXTRA_COMPILER_FLAGS=-g"
Running Make include in ps7_cortexa9_0/libsrc/iicps_v3_0/src
make -C ps7_cortexa9_0/libsrc/iicps_v3_0/src -s include  "SHELL=/bin/sh" "COMPILER=arm-xilinx-eabi-gcc" "ARCHIVER=arm-xilinx-eabi-ar" "COMPILER_FLAGS=  -O2 -c" "EXTRA_COMPILER_FLAGS=-g"
Running Make include in ps7_cortexa9_0/libsrc/doCNN_v1_0/src
make -C ps7_cortexa9_0/libsrc/doCNN_v1_0/src -s include  "SHELL=/bin/sh" "COMPILER=arm-xilinx-eabi-gcc" "ARCHIVER=arm-xilinx-eabi-ar" "COMPILER_FLAGS=  -O2 -c" "EXTRA_COMPILER_FLAGS=-g"
Running Make include in ps7_cortexa9_0/libsrc/emacps_v3_1/src
make -C ps7_cortexa9_0/libsrc/emacps_v3_1/src -s include  "SHELL=/bin/sh" "COMPILER=arm-xilinx-eabi-gcc" "ARCHIVER=arm-xilinx-eabi-ar" "COMPILER_FLAGS=  -O2 -c" "EXTRA_COMPILER_FLAGS=-g"
Running Make include in ps7_cortexa9_0/libsrc/sdps_v2_6/src
make -C ps7_cortexa9_0/libsrc/sdps_v2_6/src -s include  "SHELL=/bin/sh" "COMPILER=arm-xilinx-eabi-gcc" "ARCHIVER=arm-xilinx-eabi-ar" "COMPILER_FLAGS=  -O2 -c" "EXTRA_COMPILER_FLAGS=-g"
Running Make include in ps7_cortexa9_0/libsrc/scugic_v3_1/src
make -C ps7_cortexa9_0/libsrc/scugic_v3_1/src -s include  "SHELL=/bin/sh" "COMPILER=arm-xilinx-eabi-gcc" "ARCHIVER=arm-xilinx-eabi-ar" "COMPILER_FLAGS=  -O2 -c" "EXTRA_COMPILER_FLAGS=-g"
Running Make include in ps7_cortexa9_0/libsrc/usbps_v2_2/src
make -C ps7_cortexa9_0/libsrc/usbps_v2_2/src -s include  "SHELL=/bin/sh" "COMPILER=arm-xilinx-eabi-gcc" "ARCHIVER=arm-xilinx-eabi-ar" "COMPILER_FLAGS=  -O2 -c" "EXTRA_COMPILER_FLAGS=-g"
Running Make include in ps7_cortexa9_0/libsrc/coresightps_dcc_v1_2/src
make -C ps7_cortexa9_0/libsrc/coresightps_dcc_v1_2/src -s include  "SHELL=/bin/sh" "COMPILER=arm-xilinx-eabi-gcc" "ARCHIVER=arm-xilinx-eabi-ar" "COMPILER_FLAGS=  -O2 -c" "EXTRA_COMPILER_FLAGS=-g"
Running Make include in ps7_cortexa9_0/libsrc/scutimer_v2_1/src
make -C ps7_cortexa9_0/libsrc/scutimer_v2_1/src -s include  "SHELL=/bin/sh" "COMPILER=arm-xilinx-eabi-gcc" "ARCHIVER=arm-xilinx-eabi-ar" "COMPILER_FLAGS=  -O2 -c" "EXTRA_COMPILER_FLAGS=-g"
Running Make include in ps7_cortexa9_0/libsrc/dmaps_v2_1/src
make -C ps7_cortexa9_0/libsrc/dmaps_v2_1/src -s include  "SHELL=/bin/sh" "COMPILER=arm-xilinx-eabi-gcc" "ARCHIVER=arm-xilinx-eabi-ar" "COMPILER_FLAGS=  -O2 -c" "EXTRA_COMPILER_FLAGS=-g"
Running Make include in ps7_cortexa9_0/libsrc/cpu_cortexa9_v2_1/src
make -C ps7_cortexa9_0/libsrc/cpu_cortexa9_v2_1/src -s include  "SHELL=/bin/sh" "COMPILER=arm-xilinx-eabi-gcc" "ARCHIVER=arm-xilinx-eabi-ar" "COMPILER_FLAGS=  -O2 -c" "EXTRA_COMPILER_FLAGS=-g"
Running Make include in ps7_cortexa9_0/libsrc/qspips_v3_2/src
make -C ps7_cortexa9_0/libsrc/qspips_v3_2/src -s include  "SHELL=/bin/sh" "COMPILER=arm-xilinx-eabi-gcc" "ARCHIVER=arm-xilinx-eabi-ar" "COMPILER_FLAGS=  -O2 -c" "EXTRA_COMPILER_FLAGS=-g"
Running Make libs in ps7_cortexa9_0/libsrc/ddrps_v1_0/src
make -C ps7_cortexa9_0/libsrc/ddrps_v1_0/src -s libs  "SHELL=/bin/sh" "COMPILER=arm-xilinx-eabi-gcc" "ARCHIVER=arm-xilinx-eabi-ar" "COMPILER_FLAGS=  -O2 -c" "EXTRA_COMPILER_FLAGS=-g"
Compiling ddrps
arm-xilinx-eabi-ar: creating ../../../lib/libxil.a
Running Make libs in ps7_cortexa9_0/libsrc/uartps_v3_1/src
make -C ps7_cortexa9_0/libsrc/uartps_v3_1/src -s libs  "SHELL=/bin/sh" "COMPILER=arm-xilinx-eabi-gcc" "ARCHIVER=arm-xilinx-eabi-ar" "COMPILER_FLAGS=  -O2 -c" "EXTRA_COMPILER_FLAGS=-g"
Compiling uartps
Running Make libs in ps7_cortexa9_0/libsrc/devcfg_v3_3/src
make -C ps7_cortexa9_0/libsrc/devcfg_v3_3/src -s libs  "SHELL=/bin/sh" "COMPILER=arm-xilinx-eabi-gcc" "ARCHIVER=arm-xilinx-eabi-ar" "COMPILER_FLAGS=  -O2 -c" "EXTRA_COMPILER_FLAGS=-g"
Compiling devcfg
Running Make libs in ps7_cortexa9_0/libsrc/xadcps_v2_2/src
make -C ps7_cortexa9_0/libsrc/xadcps_v2_2/src -s libs  "SHELL=/bin/sh" "COMPILER=arm-xilinx-eabi-gcc" "ARCHIVER=arm-xilinx-eabi-ar" "COMPILER_FLAGS=  -O2 -c" "EXTRA_COMPILER_FLAGS=-g"
Compiling xadcps
Running Make libs in ps7_cortexa9_0/libsrc/ttcps_v3_0/src
make -C ps7_cortexa9_0/libsrc/ttcps_v3_0/src -s libs  "SHELL=/bin/sh" "COMPILER=arm-xilinx-eabi-gcc" "ARCHIVER=arm-xilinx-eabi-ar" "COMPILER_FLAGS=  -O2 -c" "EXTRA_COMPILER_FLAGS=-g"
Compiling ttcps
Running Make libs in ps7_cortexa9_0/libsrc/axidma_v9_0/src
make -C ps7_cortexa9_0/libsrc/axidma_v9_0/src -s libs  "SHELL=/bin/sh" "COMPILER=arm-xilinx-eabi-gcc" "ARCHIVER=arm-xilinx-eabi-ar" "COMPILER_FLAGS=  -O2 -c" "EXTRA_COMPILER_FLAGS=-g"
Compiling axidma
In file included from xaxidma.h:470:0,
                 from xaxidma.c:83:
xaxidma.c: In function 'XAxiDma_Reset':
xaxidma_bdring.h:238:26: warning: assignment makes pointer from integer without a cast
    (RingPtr)->BdaRestart =      \
                          ^
xaxidma.c:313:3: note: in expansion of macro 'XAxiDma_BdRingSnapShotCurrBd'
   XAxiDma_BdRingSnapShotCurrBd(TxRingPtr);
   ^
xaxidma_bdring.h:243:27: warning: assignment makes pointer from integer without a cast
     (RingPtr)->BdaRestart =     \
                           ^
xaxidma.c:313:3: note: in expansion of macro 'XAxiDma_BdRingSnapShotCurrBd'
   XAxiDma_BdRingSnapShotCurrBd(TxRingPtr);
   ^
xaxidma_bdring.h:248:27: warning: assignment makes pointer from integer without a cast
     (RingPtr)->BdaRestart =     \
                           ^
xaxidma.c:313:3: note: in expansion of macro 'XAxiDma_BdRingSnapShotCurrBd'
   XAxiDma_BdRingSnapShotCurrBd(TxRingPtr);
   ^
xaxidma_bdring.h:238:26: warning: assignment makes pointer from integer without a cast
    (RingPtr)->BdaRestart =      \
                          ^
xaxidma.c:319:4: note: in expansion of macro 'XAxiDma_BdRingSnapShotCurrBd'
    XAxiDma_BdRingSnapShotCurrBd(RxRingPtr);
    ^
xaxidma_bdring.h:243:27: warning: assignment makes pointer from integer without a cast
     (RingPtr)->BdaRestart =     \
                           ^
xaxidma.c:319:4: note: in expansion of macro 'XAxiDma_BdRingSnapShotCurrBd'
    XAxiDma_BdRingSnapShotCurrBd(RxRingPtr);
    ^
xaxidma_bdring.h:248:27: warning: assignment makes pointer from integer without a cast
     (RingPtr)->BdaRestart =     \
                           ^
xaxidma.c:319:4: note: in expansion of macro 'XAxiDma_BdRingSnapShotCurrBd'
    XAxiDma_BdRingSnapShotCurrBd(RxRingPtr);
    ^
Running Make libs in ps7_cortexa9_0/libsrc/gpiops_v3_1/src
make -C ps7_cortexa9_0/libsrc/gpiops_v3_1/src -s libs  "SHELL=/bin/sh" "COMPILER=arm-xilinx-eabi-gcc" "ARCHIVER=arm-xilinx-eabi-ar" "COMPILER_FLAGS=  -O2 -c" "EXTRA_COMPILER_FLAGS=-g"
Compiling gpiops
Running Make libs in ps7_cortexa9_0/libsrc/canps_v3_0/src
make -C ps7_cortexa9_0/libsrc/canps_v3_0/src -s libs  "SHELL=/bin/sh" "COMPILER=arm-xilinx-eabi-gcc" "ARCHIVER=arm-xilinx-eabi-ar" "COMPILER_FLAGS=  -O2 -c" "EXTRA_COMPILER_FLAGS=-g"
Compiling canps
Running Make libs in ps7_cortexa9_0/libsrc/scuwdt_v2_1/src
make -C ps7_cortexa9_0/libsrc/scuwdt_v2_1/src -s libs  "SHELL=/bin/sh" "COMPILER=arm-xilinx-eabi-gcc" "ARCHIVER=arm-xilinx-eabi-ar" "COMPILER_FLAGS=  -O2 -c" "EXTRA_COMPILER_FLAGS=-g"
Compiling scuwdt
Running Make libs in ps7_cortexa9_0/libsrc/standalone_v5_3/src
make -C ps7_cortexa9_0/libsrc/standalone_v5_3/src -s libs  "SHELL=/bin/sh" "COMPILER=arm-xilinx-eabi-gcc" "ARCHIVER=arm-xilinx-eabi-ar" "COMPILER_FLAGS=  -O2 -c" "EXTRA_COMPILER_FLAGS=-g"
Compiling standalone
Running Make libs in ps7_cortexa9_0/libsrc/iicps_v3_0/src
make -C ps7_cortexa9_0/libsrc/iicps_v3_0/src -s libs  "SHELL=/bin/sh" "COMPILER=arm-xilinx-eabi-gcc" "ARCHIVER=arm-xilinx-eabi-ar" "COMPILER_FLAGS=  -O2 -c" "EXTRA_COMPILER_FLAGS=-g"
Compiling iicps
Running Make libs in ps7_cortexa9_0/libsrc/doCNN_v1_0/src
make -C ps7_cortexa9_0/libsrc/doCNN_v1_0/src -s libs  "SHELL=/bin/sh" "COMPILER=arm-xilinx-eabi-gcc" "ARCHIVER=arm-xilinx-eabi-ar" "COMPILER_FLAGS=  -O2 -c" "EXTRA_COMPILER_FLAGS=-g"
Compiling doCNN
Running Make libs in ps7_cortexa9_0/libsrc/emacps_v3_1/src
make -C ps7_cortexa9_0/libsrc/emacps_v3_1/src -s libs  "SHELL=/bin/sh" "COMPILER=arm-xilinx-eabi-gcc" "ARCHIVER=arm-xilinx-eabi-ar" "COMPILER_FLAGS=  -O2 -c" "EXTRA_COMPILER_FLAGS=-g"
Compiling emacps
Running Make libs in ps7_cortexa9_0/libsrc/sdps_v2_6/src
make -C ps7_cortexa9_0/libsrc/sdps_v2_6/src -s libs  "SHELL=/bin/sh" "COMPILER=arm-xilinx-eabi-gcc" "ARCHIVER=arm-xilinx-eabi-ar" "COMPILER_FLAGS=  -O2 -c" "EXTRA_COMPILER_FLAGS=-g"
Compiling sdps
Running Make libs in ps7_cortexa9_0/libsrc/scugic_v3_1/src
make -C ps7_cortexa9_0/libsrc/scugic_v3_1/src -s libs  "SHELL=/bin/sh" "COMPILER=arm-xilinx-eabi-gcc" "ARCHIVER=arm-xilinx-eabi-ar" "COMPILER_FLAGS=  -O2 -c" "EXTRA_COMPILER_FLAGS=-g"
Compiling scugic
Running Make libs in ps7_cortexa9_0/libsrc/usbps_v2_2/src
make -C ps7_cortexa9_0/libsrc/usbps_v2_2/src -s libs  "SHELL=/bin/sh" "COMPILER=arm-xilinx-eabi-gcc" "ARCHIVER=arm-xilinx-eabi-ar" "COMPILER_FLAGS=  -O2 -c" "EXTRA_COMPILER_FLAGS=-g"
Compiling usbps
Running Make libs in ps7_cortexa9_0/libsrc/coresightps_dcc_v1_2/src
make -C ps7_cortexa9_0/libsrc/coresightps_dcc_v1_2/src -s libs  "SHELL=/bin/sh" "COMPILER=arm-xilinx-eabi-gcc" "ARCHIVER=arm-xilinx-eabi-ar" "COMPILER_FLAGS=  -O2 -c" "EXTRA_COMPILER_FLAGS=-g"
Compiling coresightps_dcc
Running Make libs in ps7_cortexa9_0/libsrc/scutimer_v2_1/src
make -C ps7_cortexa9_0/libsrc/scutimer_v2_1/src -s libs  "SHELL=/bin/sh" "COMPILER=arm-xilinx-eabi-gcc" "ARCHIVER=arm-xilinx-eabi-ar" "COMPILER_FLAGS=  -O2 -c" "EXTRA_COMPILER_FLAGS=-g"
Compiling scutimer
Running Make libs in ps7_cortexa9_0/libsrc/dmaps_v2_1/src
make -C ps7_cortexa9_0/libsrc/dmaps_v2_1/src -s libs  "SHELL=/bin/sh" "COMPILER=arm-xilinx-eabi-gcc" "ARCHIVER=arm-xilinx-eabi-ar" "COMPILER_FLAGS=  -O2 -c" "EXTRA_COMPILER_FLAGS=-g"
Compiling dmaps
Running Make libs in ps7_cortexa9_0/libsrc/cpu_cortexa9_v2_1/src
make -C ps7_cortexa9_0/libsrc/cpu_cortexa9_v2_1/src -s libs  "SHELL=/bin/sh" "COMPILER=arm-xilinx-eabi-gcc" "ARCHIVER=arm-xilinx-eabi-ar" "COMPILER_FLAGS=  -O2 -c" "EXTRA_COMPILER_FLAGS=-g"
Compiling cpu_cortexa9
Running Make libs in ps7_cortexa9_0/libsrc/qspips_v3_2/src
make -C ps7_cortexa9_0/libsrc/qspips_v3_2/src -s libs  "SHELL=/bin/sh" "COMPILER=arm-xilinx-eabi-gcc" "ARCHIVER=arm-xilinx-eabi-ar" "COMPILER_FLAGS=  -O2 -c" "EXTRA_COMPILER_FLAGS=-g"
Compiling qspips
Finished building libraries
22:34:47 **** Build of configuration Debug for project test ****
make all 
Building file: ../src/main.cc
Invoking: ARM g++ compiler
arm-xilinx-eabi-g++ -Wall -O0 -g3 -c -fmessage-length=0 -MT"src/main.o" -I../../standalone_bsp_0/ps7_cortexa9_0/include -MMD -MP -MF"src/main.d" -MT"src/main.d" -o "src/main.o" "../src/main.cc"
Finished building: ../src/main.cc
 
Building target: test.elf
Invoking: ARM g++ linker
arm-xilinx-eabi-g++ -Wl,-T -Wl,../src/lscript.ld -L../../standalone_bsp_0/ps7_cortexa9_0/lib -o "test.elf"  ./src/main.o   -Wl,--start-group,-lxil,-lgcc,-lc,-lstdc++,--end-group
Finished building target: test.elf
 
Invoking: ARM Print Size
arm-xilinx-eabi-size test.elf  |tee "test.elf.size"
   text	   data	    bss	    dec	    hex	filename
  19388	   1152	  22572	  43112	   a868	test.elf
Finished building: test.elf.size
 
22:34:50 **** Auto Build of configuration Debug for project test ****
make all 
make: Nothing to be done for 'all'.
23:15:32 **** Auto Build of configuration Debug for project test ****
make all 
Building file: ../src/main.cc
Invoking: ARM g++ compiler
arm-xilinx-eabi-g++ -Wall -O0 -g3 -c -fmessage-length=0 -MT"src/main.o" -I../../standalone_bsp_0/ps7_cortexa9_0/include -MMD -MP -MF"src/main.d" -MT"src/main.d" -o "src/main.o" "../src/main.cc"
Finished building: ../src/main.cc
 
Building target: test.elf
Invoking: ARM g++ linker
arm-xilinx-eabi-g++ -Wl,-T -Wl,../src/lscript.ld -L../../standalone_bsp_0/ps7_cortexa9_0/lib -o "test.elf"  ./src/main.o   -Wl,--start-group,-lxil,-lgcc,-lc,-lstdc++,--end-group
Finished building target: test.elf
 
Invoking: ARM Print Size
arm-xilinx-eabi-size test.elf  |tee "test.elf.size"
   text	   data	    bss	    dec	    hex	filename
 511860	   2568	  31368	 545796	  85404	test.elf
Finished building: test.elf.size
 
23:18:48 **** Auto Build of configuration Debug for project test ****
make all 
Building file: ../src/main.cc
Invoking: ARM g++ compiler
arm-xilinx-eabi-g++ -Wall -O0 -g3 -c -fmessage-length=0 -MT"src/main.o" -I../../standalone_bsp_0/ps7_cortexa9_0/include -MMD -MP -MF"src/main.d" -MT"src/main.d" -o "src/main.o" "../src/main.cc"
../src/main.cc:15:1: error: 'XDoc' does not name a type
 XDoc
 ^
src/subdir.mk:21: recipe for target 'src/main.o' failed
make: *** [src/main.o] Error 1
23:19:13 **** Auto Build of configuration Debug for project test ****
make all 
Building file: ../src/main.cc
Invoking: ARM g++ compiler
arm-xilinx-eabi-g++ -Wall -O0 -g3 -c -fmessage-length=0 -MT"src/main.o" -I../../standalone_bsp_0/ps7_cortexa9_0/include -MMD -MP -MF"src/main.d" -MT"src/main.d" -o "src/main.o" "../src/main.cc"
Finished building: ../src/main.cc
 
Building target: test.elf
Invoking: ARM g++ linker
arm-xilinx-eabi-g++ -Wl,-T -Wl,../src/lscript.ld -L../../standalone_bsp_0/ps7_cortexa9_0/lib -o "test.elf"  ./src/main.o   -Wl,--start-group,-lxil,-lgcc,-lc,-lstdc++,--end-group
Finished building target: test.elf
 
Invoking: ARM Print Size
arm-xilinx-eabi-size test.elf  |tee "test.elf.size"
   text	   data	    bss	    dec	    hex	filename
 511860	   2568	  33112	 547540	  85ad4	test.elf
Finished building: test.elf.size
 
23:20:24 **** Auto Build of configuration Debug for project test ****
make all 
Building file: ../src/main.cc
Invoking: ARM g++ compiler
arm-xilinx-eabi-g++ -Wall -O0 -g3 -c -fmessage-length=0 -MT"src/main.o" -I../../standalone_bsp_0/ps7_cortexa9_0/include -MMD -MP -MF"src/main.d" -MT"src/main.d" -o "src/main.o" "../src/main.cc"
Finished building: ../src/main.cc
 
Building target: test.elf
Invoking: ARM g++ linker
arm-xilinx-eabi-g++ -Wl,-T -Wl,../src/lscript.ld -L../../standalone_bsp_0/ps7_cortexa9_0/lib -o "test.elf"  ./src/main.o   -Wl,--start-group,-lxil,-lgcc,-lc,-lstdc++,--end-group
Finished building target: test.elf
 
Invoking: ARM Print Size
arm-xilinx-eabi-size test.elf  |tee "test.elf.size"
   text	   data	    bss	    dec	    hex	filename
 523516	   2628	  33120	 559264	  888a0	test.elf
Finished building: test.elf.size
 
23:24:09 **** Auto Build of configuration Debug for project test ****
make all 
Building file: ../src/main.cc
Invoking: ARM g++ compiler
arm-xilinx-eabi-g++ -Wall -O0 -g3 -c -fmessage-length=0 -MT"src/main.o" -I../../standalone_bsp_0/ps7_cortexa9_0/include -MMD -MP -MF"src/main.d" -MT"src/main.d" -o "src/main.o" "../src/main.cc"
../src/main.cc: In function 'int init_backsub()':
../src/main.cc:50:49: error: cannot convert 'XDocnn_Config*' to 'XAxiDma_Config*' for argument '2' to 'int XAxiDma_CfgInitialize(XAxiDma*, XAxiDma_Config*)'
   Status = XAxiDma_CfgInitialize(&AxiDma, CfgPtr);
                                                 ^
../src/main.cc: In function 'int main()':
../src/main.cc:67:21: error: 'XDo' was not declared in this scope
  int backsub_init = XDo
                     ^
../src/main.cc:67:6: warning: unused variable 'backsub_init' [-Wunused-variable]
  int backsub_init = XDo
      ^
../src/main.cc: In function 'int init_backsub()':
../src/main.cc:55:1: warning: control reaches end of non-void function [-Wreturn-type]
 }
 ^
make: *** [src/main.o] Error 1
src/subdir.mk:21: recipe for target 'src/main.o' failed
23:26:09 **** Auto Build of configuration Debug for project test ****
make all 
Building file: ../src/main.cc
Invoking: ARM g++ compiler
arm-xilinx-eabi-g++ -Wall -O0 -g3 -c -fmessage-length=0 -MT"src/main.o" -I../../standalone_bsp_0/ps7_cortexa9_0/include -MMD -MP -MF"src/main.d" -MT"src/main.d" -o "src/main.o" "../src/main.cc"
../src/main.cc: In function 'int main()':
../src/main.cc:68:21: error: 'XDo' was not declared in this scope
  int backsub_init = XDo
                     ^
../src/main.cc:68:6: warning: unused variable 'backsub_init' [-Wunused-variable]
  int backsub_init = XDo
      ^
src/subdir.mk:21: recipe for target 'src/main.o' failed
make: *** [src/main.o] Error 1
23:28:22 **** Auto Build of configuration Debug for project test ****
make all 
Building file: ../src/main.cc
Invoking: ARM g++ compiler
arm-xilinx-eabi-g++ -Wall -O0 -g3 -c -fmessage-length=0 -MT"src/main.o" -I../../standalone_bsp_0/ps7_cortexa9_0/include -MMD -MP -MF"src/main.d" -MT"src/main.d" -o "src/main.o" "../src/main.cc"
../src/main.cc: In function 'int main()':
../src/main.cc:71:41: error: 'prinf' was not declared in this scope
   prinf("Backsub initalization failed\n");
                                         ^
make: *** [src/main.o] Error 1
src/subdir.mk:21: recipe for target 'src/main.o' failed
23:28:35 **** Auto Build of configuration Debug for project test ****
make all 
Building file: ../src/main.cc
Invoking: ARM g++ compiler
arm-xilinx-eabi-g++ -Wall -O0 -g3 -c -fmessage-length=0 -MT"src/main.o" -I../../standalone_bsp_0/ps7_cortexa9_0/include -MMD -MP -MF"src/main.d" -MT"src/main.d" -o "src/main.o" "../src/main.cc"
Finished building: ../src/main.cc
 
Building target: test.elf
Invoking: ARM g++ linker
arm-xilinx-eabi-g++ -Wl,-T -Wl,../src/lscript.ld -L../../standalone_bsp_0/ps7_cortexa9_0/lib -o "test.elf"  ./src/main.o   -Wl,--start-group,-lxil,-lgcc,-lc,-lstdc++,--end-group
Finished building target: test.elf
 
Invoking: ARM Print Size
arm-xilinx-eabi-size test.elf  |tee "test.elf.size"
   text	   data	    bss	    dec	    hex	filename
 539284	   2636	  33128	 575048	  8c648	test.elf
Finished building: test.elf.size
 
23:29:51 **** Auto Build of configuration Debug for project test ****
make all 
Building file: ../src/main.cc
Invoking: ARM g++ compiler
arm-xilinx-eabi-g++ -Wall -O0 -g3 -c -fmessage-length=0 -MT"src/main.o" -I../../standalone_bsp_0/ps7_cortexa9_0/include -MMD -MP -MF"src/main.d" -MT"src/main.d" -o "src/main.o" "../src/main.cc"
Finished building: ../src/main.cc
 
Building target: test.elf
Invoking: ARM g++ linker
arm-xilinx-eabi-g++ -Wl,-T -Wl,../src/lscript.ld -L../../standalone_bsp_0/ps7_cortexa9_0/lib -o "test.elf"  ./src/main.o   -Wl,--start-group,-lxil,-lgcc,-lc,-lstdc++,--end-group
Finished building target: test.elf
 
Invoking: ARM Print Size
arm-xilinx-eabi-size test.elf  |tee "test.elf.size"
   text	   data	    bss	    dec	    hex	filename
 539284	   2636	  33128	 575048	  8c648	test.elf
Finished building: test.elf.size
 
23:39:40 **** Auto Build of configuration Debug for project test ****
make all 
Building file: ../src/main.cc
Invoking: ARM g++ compiler
arm-xilinx-eabi-g++ -Wall -O0 -g3 -c -fmessage-length=0 -MT"src/main.o" -I../../standalone_bsp_0/ps7_cortexa9_0/include -MMD -MP -MF"src/main.d" -MT"src/main.d" -o "src/main.o" "../src/main.cc"
../src/main.cc:11:51: fatal error: /usr/local/include/opencv/core/core.hpp: No such file or directory
 #include "/usr/local/include/opencv/core/core.hpp"
                                                   ^
compilation terminated.
make: *** [src/main.o] Error 1
src/subdir.mk:21: recipe for target 'src/main.o' failed
23:40:40 **** Auto Build of configuration Debug for project test ****
make all 
Building file: ../src/main.cc
Invoking: ARM g++ compiler
arm-xilinx-eabi-g++ -Wall -O0 -g3 -c -fmessage-length=0 -MT"src/main.o" -I../../standalone_bsp_0/ps7_cortexa9_0/include -MMD -MP -MF"src/main.d" -MT"src/main.d" -o "src/main.o" "../src/main.cc"
In file included from ../src/main.cc:11:0:
/usr/local/include/opencv2/core/core.hpp:48:28: fatal error: opencv2/core.hpp: No such file or directory
 #include "opencv2/core.hpp"
                            ^
compilation terminated.
src/subdir.mk:21: recipe for target 'src/main.o' failed
make: *** [src/main.o] Error 1
23:48:39 **** Clean-only build of configuration Debug for project test ****
make clean 
rm -rf  ./src/main.d  ./src/main.o  test.elf.size  test.elf
 
23:48:39 **** Auto Build of configuration Debug for project test ****
make all 
Building file: ../src/main.cc
Invoking: ARM g++ compiler
arm-xilinx-eabi-g++ -Wall -O0 -g3 -c -fmessage-length=0 -MT"src/main.o" -I../../standalone_bsp_0/ps7_cortexa9_0/include -MMD -MP -MF"src/main.d" -MT"src/main.d" -o "src/main.o" "../src/main.cc"
In file included from ../src/main.cc:11:0:
/usr/local/include/opencv2/core/core.hpp:48:28: fatal error: opencv2/core.hpp: No such file or directory
 #include "opencv2/core.hpp"
                            ^
src/subdir.mk:21: recipe for target 'src/main.o' failed
compilation terminated.
make: *** [src/main.o] Error 1
23:48:59 **** Auto Build of configuration Debug for project test ****
make all 
Building file: ../src/main.cc
Invoking: ARM g++ compiler
arm-xilinx-eabi-g++ -Wall -O0 -g3 -c -fmessage-length=0 -MT"src/main.o" -I../../standalone_bsp_0/ps7_cortexa9_0/include -MMD -MP -MF"src/main.d" -MT"src/main.d" -o "src/main.o" "../src/main.cc"
Finished building: ../src/main.cc
 
Building target: test.elf
Invoking: ARM g++ linker
arm-xilinx-eabi-g++ -L/usr/local/lib -Wl,-T -Wl,../src/lscript.ld -L../../standalone_bsp_0/ps7_cortexa9_0/lib -o "test.elf"  ./src/main.o   -lopencv_core  -lopencv_imgproc -lopencv_legacy -lopencv_contrib -lopencv_highgui -lopencv_features2d -lopencv_flann -lopencv_video -lopencv_objdetect -lopencv_ml -lopencv_calib3d -Wl,--start-group,-lxil,-lgcc,-lc,-lstdc++,--end-group
/opt/Xilinx/SDK/2015.4/gnu/arm/lin/bin/../lib/gcc/arm-xilinx-eabi/4.9.2/../../../../arm-xilinx-eabi/bin/ld: warning: library search path "/usr/local/lib" is unsafe for cross-compilation
/usr/local/lib/libopencv_core.so: file not recognized: File format not recognized
makefile:48: recipe for target 'test.elf' failed
collect2: error: ld returned 1 exit status
make: *** [test.elf] Error 1
23:52:13 **** Clean-only build of configuration Debug for project test ****
make clean 
rm -rf  ./src/main.d  ./src/main.o  test.elf.size  test.elf
 
23:52:13 **** Auto Build of configuration Debug for project test ****
make all 
Building file: ../src/main.cc
Invoking: ARM g++ compiler
arm-xilinx-eabi-g++ -Wall -O0 -g3 -c -fmessage-length=0 -MT"src/main.o" -I../../standalone_bsp_0/ps7_cortexa9_0/include -MMD -MP -MF"src/main.d" -MT"src/main.d" -o "src/main.o" "../src/main.cc"
Finished building: ../src/main.cc
 
Building target: test.elf
Invoking: ARM g++ linker
arm-xilinx-eabi-g++ -Wl,-T -Wl,../src/lscript.ld -L../../standalone_bsp_0/ps7_cortexa9_0/lib -o "test.elf"  ./src/main.o   -Wl,--start-group,-lxil,-lgcc,-lc,-lstdc++,--end-group
Finished building target: test.elf
 
Invoking: ARM Print Size
arm-xilinx-eabi-size test.elf  |tee "test.elf.size"
   text	   data	    bss	    dec	    hex	filename
 539284	   2636	  33128	 575048	  8c648	test.elf
Finished building: test.elf.size
 
00:00:01 **** Auto Build of configuration Debug for project test ****
make all 
Building file: ../src/main.cc
Invoking: ARM g++ compiler
arm-xilinx-eabi-g++ -Wall -O0 -g3 -c -fmessage-length=0 -MT"src/main.o" -I../../standalone_bsp_0/ps7_cortexa9_0/include -MMD -MP -MF"src/main.d" -MT"src/main.d" -o "src/main.o" "../src/main.cc"
../src/main.cc:11:25: fatal error: linux/ioctl.h: No such file or directory
 #include <linux/ioctl.h>
                         ^
src/subdir.mk:21: recipe for target 'src/main.o' failed
compilation terminated.
make: *** [src/main.o] Error 1
00:30:34 **** Auto Build of configuration Debug for project test ****
make all 
Building file: ../src/main.cc
Invoking: ARM g++ compiler
arm-xilinx-eabi-g++ -Wall -O0 -g3 -c -fmessage-length=0 -MT"src/main.o" -I../../standalone_bsp_0/ps7_cortexa9_0/include -MMD -MP -MF"src/main.d" -MT"src/main.d" -o "src/main.o" "../src/main.cc"
Finished building: ../src/main.cc
 
Building target: test.elf
Invoking: ARM g++ linker
arm-xilinx-eabi-g++ -Wl,-T -Wl,../src/lscript.ld -L../../standalone_bsp_0/ps7_cortexa9_0/lib -o "test.elf"  ./src/main.o   -Wl,--start-group,-lxil,-lgcc,-lc,-lstdc++,--end-group
Finished building target: test.elf
 
Invoking: ARM Print Size
arm-xilinx-eabi-size test.elf  |tee "test.elf.size"
   text	   data	    bss	    dec	    hex	filename
 539284	   2636	  33128	 575048	  8c648	test.elf
Finished building: test.elf.size
 
00:37:30 **** Auto Build of configuration Debug for project test ****
make all 
Building file: ../src/main.cc
Invoking: ARM g++ compiler
arm-xilinx-eabi-g++ -Wall -O0 -g3 -c -fmessage-length=0 -MT"src/main.o" -I../../standalone_bsp_0/ps7_cortexa9_0/include -MMD -MP -MF"src/main.d" -MT"src/main.d" -o "src/main.o" "../src/main.cc"
Finished building: ../src/main.cc
 
Building target: test.elf
Invoking: ARM g++ linker
arm-xilinx-eabi-g++ -Wl,-T -Wl,../src/lscript.ld -L../../standalone_bsp_0/ps7_cortexa9_0/lib -o "test.elf"  ./src/main.o   -Wl,--start-group,-lxil,-lgcc,-lc,-lstdc++,--end-group
Finished building target: test.elf
 
Invoking: ARM Print Size
arm-xilinx-eabi-size test.elf  |tee "test.elf.size"
   text	   data	    bss	    dec	    hex	filename
 539284	   2636	  33128	 575048	  8c648	test.elf
Finished building: test.elf.size
 
00:38:41 **** Build of configuration Debug for project test_linux ****
make all 
Building file: ../src/main.cc
Invoking: ARM Linux g++ compiler
arm-xilinx-linux-gnueabi-g++ -Wall -O0 -g3 -c -fmessage-length=0 -MT"src/main.o" -MMD -MP -MF"src/main.d" -MT"src/main.d" -o "src/main.o" "../src/main.cc"
Finished building: ../src/main.cc
 
Building target: test_linux.elf
Invoking: ARM Linux g++ linker
arm-xilinx-linux-gnueabi-g++  -o "test_linux.elf"  ./src/main.o   
Finished building target: test_linux.elf
 
Invoking: ARM Linux Print Size
arm-xilinx-linux-gnueabi-size test_linux.elf  |tee "test_linux.elf.size"
   text	   data	    bss	    dec	    hex	filename
   1176	    304	      4	   1484	    5cc	test_linux.elf
Finished building: test_linux.elf.size
 
00:38:44 **** Auto Build of configuration Debug for project test_linux ****
make all 
make: Nothing to be done for 'all'.
00:39:46 **** Auto Build of configuration Debug for project test_linux ****
make all 
Building file: ../src/main.cc
Invoking: ARM Linux g++ compiler
arm-xilinx-linux-gnueabi-g++ -Wall -O0 -g3 -c -fmessage-length=0 -MT"src/main.o" -MMD -MP -MF"src/main.d" -MT"src/main.d" -o "src/main.o" "../src/main.cc"
Finished building: ../src/main.cc
 
Building target: test_linux.elf
Invoking: ARM Linux g++ linker
arm-xilinx-linux-gnueabi-g++  -o "test_linux.elf"  ./src/main.o   
Finished building target: test_linux.elf
 
Invoking: ARM Linux Print Size
arm-xilinx-linux-gnueabi-size test_linux.elf  |tee "test_linux.elf.size"
   text	   data	    bss	    dec	    hex	filename
   1176	    304	      4	   1484	    5cc	test_linux.elf
Finished building: test_linux.elf.size
 
00:40:20 **** Auto Build of configuration Debug for project test_linux ****
make all 
Building file: ../src/main.cc
Invoking: ARM Linux g++ compiler
arm-xilinx-linux-gnueabi-g++ -Wall -O0 -g3 -c -fmessage-length=0 -MT"src/main.o" -MMD -MP -MF"src/main.d" -MT"src/main.d" -o "src/main.o" "../src/main.cc"
Finished building: ../src/main.cc
 
Building target: test_linux.elf
Invoking: ARM Linux g++ linker
arm-xilinx-linux-gnueabi-g++  -o "test_linux.elf"  ./src/main.o   
Finished building target: test_linux.elf
 
Invoking: ARM Linux Print Size
arm-xilinx-linux-gnueabi-size test_linux.elf  |tee "test_linux.elf.size"
   text	   data	    bss	    dec	    hex	filename
   1176	    304	      4	   1484	    5cc	test_linux.elf
Finished building: test_linux.elf.size
 
00:41:09 **** Auto Build of configuration Debug for project test_linux ****
make all 
Building file: ../src/main.cc
Invoking: ARM Linux g++ compiler
arm-xilinx-linux-gnueabi-g++ -Wall -O0 -g3 -c -fmessage-length=0 -MT"src/main.o" -MMD -MP -MF"src/main.d" -MT"src/main.d" -o "src/main.o" "../src/main.cc"
src/subdir.mk:18: recipe for target 'src/main.o' failed
../src/main.cc:9:21: fatal error: xaxidma.h: No such file or directory
 #include <xaxidma.h>
                     ^
compilation terminated.
make: *** [src/main.o] Error 1
00:41:28 **** Auto Build of configuration Debug for project test_linux ****
make all 
Building file: ../src/main.cc
Invoking: ARM Linux g++ compiler
arm-xilinx-linux-gnueabi-g++ -Wall -O0 -g3 -c -fmessage-length=0 -MT"src/main.o" -MMD -MP -MF"src/main.d" -MT"src/main.d" -o "src/main.o" "../src/main.cc"
../src/main.cc:9:25: fatal error: xparameters.h: No such file or directory
 #include "xparameters.h"
                         ^
compilation terminated.
src/subdir.mk:18: recipe for target 'src/main.o' failed
make: *** [src/main.o] Error 1
00:41:50 **** Auto Build of configuration Debug for project test_linux ****
make all 
Building file: ../src/main.cc
Invoking: ARM Linux g++ compiler
arm-xilinx-linux-gnueabi-g++ -Wall -O0 -g3 -c -fmessage-length=0 -MT"src/main.o" -MMD -MP -MF"src/main.d" -MT"src/main.d" -o "src/main.o" "../src/main.cc"
../src/main.cc:9:20: fatal error: xdebug.h: No such file or directory
 #include "xdebug.h"
                    ^
src/subdir.mk:18: recipe for target 'src/main.o' failed
compilation terminated.
make: *** [src/main.o] Error 1
00:41:58 **** Auto Build of configuration Debug for project test_linux ****
make all 
Building file: ../src/main.cc
Invoking: ARM Linux g++ compiler
arm-xilinx-linux-gnueabi-g++ -Wall -O0 -g3 -c -fmessage-length=0 -MT"src/main.o" -MMD -MP -MF"src/main.d" -MT"src/main.d" -o "src/main.o" "../src/main.cc"
../src/main.cc:9:20: fatal error: xdocnn.h: No such file or directory
 #include <xdocnn.h>
                    ^
compilation terminated.
make: *** [src/main.o] Error 1
src/subdir.mk:18: recipe for target 'src/main.o' failed
00:45:44 **** Auto Build of configuration Debug for project test_linux ****
make all 
Building file: ../src/main.cc
Invoking: ARM Linux g++ compiler
arm-xilinx-linux-gnueabi-g++ -Wall -O0 -g3 -c -fmessage-length=0 -MT"src/main.o" -MMD -MP -MF"src/main.d" -MT"src/main.d" -o "src/main.o" "../src/main.cc"
../src/main.cc:9:20: fatal error: xdocnn.h: No such file or directory
 #include <xdocnn.h>
                    ^
compilation terminated.
src/subdir.mk:25: recipe for target 'src/main.o' failed
make: *** [src/main.o] Error 1
00:46:06 **** Auto Build of configuration Debug for project test_linux ****
make all 
Building file: ../src/main.cc
Invoking: ARM Linux g++ compiler
arm-xilinx-linux-gnueabi-g++ -Wall -O0 -g3 -c -fmessage-length=0 -MT"src/main.o" -MMD -MP -MF"src/main.d" -MT"src/main.d" -o "src/main.o" "../src/main.cc"
Finished building: ../src/main.cc
 
Building file: ../src/xdocnn.c
Invoking: ARM Linux g++ compiler
arm-xilinx-linux-gnueabi-g++ -Wall -O0 -g3 -c -fmessage-length=0 -MT"src/xdocnn.o" -MMD -MP -MF"src/xdocnn.d" -MT"src/xdocnn.d" -o "src/xdocnn.o" "../src/xdocnn.c"
Finished building: ../src/xdocnn.c
 
Building target: test_linux.elf
Invoking: ARM Linux g++ linker
arm-xilinx-linux-gnueabi-g++  -o "test_linux.elf"  ./src/main.o ./src/xdocnn.o   
Finished building target: test_linux.elf
 
Invoking: ARM Linux Print Size
arm-xilinx-linux-gnueabi-size test_linux.elf  |tee "test_linux.elf.size"
   text	   data	    bss	    dec	    hex	filename
   4606	    324	      8	   4938	   134a	test_linux.elf
Finished building: test_linux.elf.size
 
00:48:45 **** Auto Build of configuration Debug for project test_linux ****
make all 
Building file: ../src/main.cc
Invoking: ARM Linux g++ compiler
arm-xilinx-linux-gnueabi-g++ -Wall -O0 -g3 -c -fmessage-length=0 -MT"src/main.o" -MMD -MP -MF"src/main.d" -MT"src/main.d" -o "src/main.o" "../src/main.cc"
../src/main.cc: In function 'int main()':
../src/main.cc:15:28: error: too few arguments to function 'int XDocnn_Initialize(XDocnn*, const char*)'
  XDocnn_Initialize(&backsub);
                            ^
In file included from ../src/main.cc:9:0:
../src/xdocnn.h:79:5: note: declared here
 int XDocnn_Initialize(XDocnn *InstancePtr, const char* InstanceName);
     ^
src/subdir.mk:25: recipe for target 'src/main.o' failed
make: *** [src/main.o] Error 1
00:55:15 **** Auto Build of configuration Debug for project test_linux ****
make all 
Building file: ../src/main.cc
Invoking: ARM Linux g++ compiler
arm-xilinx-linux-gnueabi-g++ -Wall -O0 -g3 -c -fmessage-length=0 -MT"src/main.o" -MMD -MP -MF"src/main.d" -MT"src/main.d" -o "src/main.o" "../src/main.cc"
../src/main.cc:11:1: error: 'XDocnn' does not name a type
 XDocnn backsub;
 ^
src/subdir.mk:25: recipe for target 'src/main.o' failed
make: *** [src/main.o] Error 1
00:55:24 **** Auto Build of configuration Debug for project test_linux ****
make all 
Building file: ../src/main.cc
Invoking: ARM Linux g++ compiler
arm-xilinx-linux-gnueabi-g++ -Wall -O0 -g3 -c -fmessage-length=0 -MT"src/main.o" -MMD -MP -MF"src/main.d" -MT"src/main.d" -o "src/main.o" "../src/main.cc"
Finished building: ../src/main.cc
 
Building target: test_linux.elf
Invoking: ARM Linux g++ linker
arm-xilinx-linux-gnueabi-g++  -o "test_linux.elf"  ./src/main.o ./src/xdocnn.o   
Finished building target: test_linux.elf
 
Invoking: ARM Linux Print Size
arm-xilinx-linux-gnueabi-size test_linux.elf  |tee "test_linux.elf.size"
   text	   data	    bss	    dec	    hex	filename
   4606	    324	      8	   4938	   134a	test_linux.elf
Finished building: test_linux.elf.size
 
17:11:48 **** Clean-only build of configuration Debug for project test ****
make clean 
rm -rf  ./src/main.d  ./src/main.o  test.elf.size  test.elf
 
17:11:50 **** Auto Build of configuration Debug for project test ****
make all 
Building file: ../src/main.cc
Invoking: ARM g++ compiler
arm-xilinx-eabi-g++ -Wall -O0 -g3 -c -fmessage-length=0 -MT"src/main.o" -I../../standalone_bsp_0/ps7_cortexa9_0/include -MMD -MP -MF"src/main.d" -MT"src/main.d" -o "src/main.o" "../src/main.cc"
Finished building: ../src/main.cc
 
Building target: test.elf
Invoking: ARM g++ linker
arm-xilinx-eabi-g++ -Wl,-T -Wl,../src/lscript.ld -L../../standalone_bsp_0/ps7_cortexa9_0/lib -o "test.elf"  ./src/main.o   -Wl,--start-group,-lxil,-lgcc,-lc,-lstdc++,--end-group
Finished building target: test.elf
 
Invoking: ARM Print Size
arm-xilinx-eabi-size test.elf  |tee "test.elf.size"
   text	   data	    bss	    dec	    hex	filename
 539284	   2636	  33128	 575048	  8c648	test.elf
Finished building: test.elf.size
 
17:12:22 **** Auto Build of configuration Debug for project test ****
make all 
Building file: ../src/main.cc
Invoking: ARM g++ compiler
arm-xilinx-eabi-g++ -Wall -O0 -g3 -c -fmessage-length=0 -MT"src/main.o" -I../../standalone_bsp_0/ps7_cortexa9_0/include -MMD -MP -MF"src/main.d" -MT"src/main.d" -o "src/main.o" "../src/main.cc"
Finished building: ../src/main.cc
 
Building target: test.elf
Invoking: ARM g++ linker
arm-xilinx-eabi-g++ -Wl,-T -Wl,../src/lscript.ld -L../../standalone_bsp_0/ps7_cortexa9_0/lib -o "test.elf"  ./src/main.o   -Wl,--start-group,-lxil,-lgcc,-lc,-lstdc++,--end-group
Finished building target: test.elf
 
Invoking: ARM Print Size
arm-xilinx-eabi-size test.elf  |tee "test.elf.size"
   text	   data	    bss	    dec	    hex	filename
 539284	 320588	  33128	 893000	  da048	test.elf
Finished building: test.elf.size
 
17:17:08 **** Auto Build of configuration Debug for project test ****
make all 
Building file: ../src/main.cc
Invoking: ARM g++ compiler
arm-xilinx-eabi-g++ -Wall -O0 -g3 -c -fmessage-length=0 -MT"src/main.o" -I../../standalone_bsp_0/ps7_cortexa9_0/include -MMD -MP -MF"src/main.d" -MT"src/main.d" -o "src/main.o" "../src/main.cc"
../src/main.cc: In function 'int main()':
../src/main.cc:79:91: error: invalid conversion from 'unsigned char*' to 'UINTPTR {aka unsigned int}' [-fpermissive]
  XAxiDma_SimpleTransfer(&AxiDma,frame1,sizeof(unsigned char)*288*360,XAXIDMA_DMA_TO_DEVICE);
                                                                                           ^
In file included from ../src/main.cc:5:0:
../../standalone_bsp_0/ps7_cortexa9_0/include/xaxidma.h:731:5: note: initializing argument 2 of 'u32 XAxiDma_SimpleTransfer(XAxiDma*, UINTPTR, u32, int)'
src/subdir.mk:21: recipe for target 'src/main.o' failed
 u32 XAxiDma_SimpleTransfer(XAxiDma *InstancePtr, UINTPTR BuffAddr, u32 Length,
     ^
make: *** [src/main.o] Error 1
18:05:37 **** Auto Build of configuration Debug for project test ****
make all 
Building file: ../src/main.cc
Invoking: ARM g++ compiler
arm-xilinx-eabi-g++ -Wall -O0 -g3 -c -fmessage-length=0 -MT"src/main.o" -I../../standalone_bsp_0/ps7_cortexa9_0/include -MMD -MP -MF"src/main.d" -MT"src/main.d" -o "src/main.o" "../src/main.cc"
../src/main.cc: In function 'int main()':
../src/main.cc:79:34: error: 'uint8' was not declared in this scope
  XAxiDma_SimpleTransfer(&AxiDma,(uint8)frame1,sizeof(unsigned char)*288*360,XAXIDMA_DMA_TO_DEVICE);
                                  ^
make: *** [src/main.o] Error 1
src/subdir.mk:21: recipe for target 'src/main.o' failed
18:05:55 **** Auto Build of configuration Debug for project test ****
make all 
Building file: ../src/main.cc
Invoking: ARM g++ compiler
arm-xilinx-eabi-g++ -Wall -O0 -g3 -c -fmessage-length=0 -MT"src/main.o" -I../../standalone_bsp_0/ps7_cortexa9_0/include -MMD -MP -MF"src/main.d" -MT"src/main.d" -o "src/main.o" "../src/main.cc"
../src/main.cc: In function 'int main()':
../src/main.cc:79:42: error: cast from 'unsigned char*' to 'uint8_t {aka unsigned char}' loses precision [-fpermissive]
  XAxiDma_SimpleTransfer(&AxiDma,(uint8_t)frame1,sizeof(unsigned char)*288*360,XAXIDMA_DMA_TO_DEVICE);
                                          ^
make: *** [src/main.o] Error 1
src/subdir.mk:21: recipe for target 'src/main.o' failed
18:07:09 **** Auto Build of configuration Debug for project test ****
make all 
Building file: ../src/main.cc
Invoking: ARM g++ compiler
arm-xilinx-eabi-g++ -Wall -O0 -g3 -c -fmessage-length=0 -MT"src/main.o" -I../../standalone_bsp_0/ps7_cortexa9_0/include -MMD -MP -MF"src/main.d" -MT"src/main.d" -o "src/main.o" "../src/main.cc"
../src/main.cc: In function 'int main()':
../src/main.cc:79:42: error: cast from 'uint8_t* {aka unsigned char*}' to 'uint8_t {aka unsigned char}' loses precision [-fpermissive]
  XAxiDma_SimpleTransfer(&AxiDma,(uint8_t)frame1,sizeof(unsigned char)*288*360,XAXIDMA_DMA_TO_DEVICE);
                                          ^
src/subdir.mk:21: recipe for target 'src/main.o' failed
make: *** [src/main.o] Error 1
18:07:16 **** Auto Build of configuration Debug for project test ****
make all 
Building file: ../src/main.cc
Invoking: ARM g++ compiler
arm-xilinx-eabi-g++ -Wall -O0 -g3 -c -fmessage-length=0 -MT"src/main.o" -I../../standalone_bsp_0/ps7_cortexa9_0/include -MMD -MP -MF"src/main.d" -MT"src/main.d" -o "src/main.o" "../src/main.cc"
../src/main.cc: In function 'int main()':
../src/main.cc:79:91: error: invalid conversion from 'uint8_t* {aka unsigned char*}' to 'UINTPTR {aka unsigned int}' [-fpermissive]
  XAxiDma_SimpleTransfer(&AxiDma,frame1,sizeof(unsigned char)*288*360,XAXIDMA_DMA_TO_DEVICE);
                                                                                           ^
In file included from ../src/main.cc:5:0:
../../standalone_bsp_0/ps7_cortexa9_0/include/xaxidma.h:731:5: note: initializing argument 2 of 'u32 XAxiDma_SimpleTransfer(XAxiDma*, UINTPTR, u32, int)'
 u32 XAxiDma_SimpleTransfer(XAxiDma *InstancePtr, UINTPTR BuffAddr, u32 Length,
     ^
src/subdir.mk:21: recipe for target 'src/main.o' failed
make: *** [src/main.o] Error 1
18:07:37 **** Auto Build of configuration Debug for project test ****
make all 
Building file: ../src/main.cc
Invoking: ARM g++ compiler
arm-xilinx-eabi-g++ -Wall -O0 -g3 -c -fmessage-length=0 -MT"src/main.o" -I../../standalone_bsp_0/ps7_cortexa9_0/include -MMD -MP -MF"src/main.d" -MT"src/main.d" -o "src/main.o" "../src/main.cc"
Finished building: ../src/main.cc
 
Building target: test.elf
Invoking: ARM g++ linker
arm-xilinx-eabi-g++ -Wl,-T -Wl,../src/lscript.ld -L../../standalone_bsp_0/ps7_cortexa9_0/lib -o "test.elf"  ./src/main.o   -Wl,--start-group,-lxil,-lgcc,-lc,-lstdc++,--end-group
Finished building target: test.elf
 
Invoking: ARM Print Size
arm-xilinx-eabi-size test.elf  |tee "test.elf.size"
   text	   data	    bss	    dec	    hex	filename
 539284	 320588	  33128	 893000	  da048	test.elf
Finished building: test.elf.size
 
18:07:43 **** Auto Build of configuration Debug for project test ****
make all 
Building file: ../src/main.cc
Invoking: ARM g++ compiler
arm-xilinx-eabi-g++ -Wall -O0 -g3 -c -fmessage-length=0 -MT"src/main.o" -I../../standalone_bsp_0/ps7_cortexa9_0/include -MMD -MP -MF"src/main.d" -MT"src/main.d" -o "src/main.o" "../src/main.cc"
../src/main.cc: In function 'int main()':
../src/main.cc:79:106: error: invalid conversion from 'unsigned int*' to 'UINTPTR {aka unsigned int}' [-fpermissive]
  XAxiDma_SimpleTransfer(&AxiDma,(unsigned int*)frame1,sizeof(unsigned char)*288*360,XAXIDMA_DMA_TO_DEVICE);
                                                                                                          ^
In file included from ../src/main.cc:5:0:
../../standalone_bsp_0/ps7_cortexa9_0/include/xaxidma.h:731:5: note: initializing argument 2 of 'u32 XAxiDma_SimpleTransfer(XAxiDma*, UINTPTR, u32, int)'
 u32 XAxiDma_SimpleTransfer(XAxiDma *InstancePtr, UINTPTR BuffAddr, u32 Length,
     ^
make: *** [src/main.o] Error 1
src/subdir.mk:21: recipe for target 'src/main.o' failed
18:07:46 **** Auto Build of configuration Debug for project test ****
make all 
Building file: ../src/main.cc
Invoking: ARM g++ compiler
arm-xilinx-eabi-g++ -Wall -O0 -g3 -c -fmessage-length=0 -MT"src/main.o" -I../../standalone_bsp_0/ps7_cortexa9_0/include -MMD -MP -MF"src/main.d" -MT"src/main.d" -o "src/main.o" "../src/main.cc"
Finished building: ../src/main.cc
 
Building target: test.elf
Invoking: ARM g++ linker
arm-xilinx-eabi-g++ -Wl,-T -Wl,../src/lscript.ld -L../../standalone_bsp_0/ps7_cortexa9_0/lib -o "test.elf"  ./src/main.o   -Wl,--start-group,-lxil,-lgcc,-lc,-lstdc++,--end-group
Finished building target: test.elf
 
Invoking: ARM Print Size
arm-xilinx-eabi-size test.elf  |tee "test.elf.size"
   text	   data	    bss	    dec	    hex	filename
 539284	 320588	  33128	 893000	  da048	test.elf
Finished building: test.elf.size
 
18:09:41 **** Auto Build of configuration Debug for project test ****
make all 
Building file: ../src/main.cc
Invoking: ARM g++ compiler
arm-xilinx-eabi-g++ -Wall -O0 -g3 -c -fmessage-length=0 -MT"src/main.o" -I../../standalone_bsp_0/ps7_cortexa9_0/include -MMD -MP -MF"src/main.d" -MT"src/main.d" -o "src/main.o" "../src/main.cc"
Finished building: ../src/main.cc
 
Building target: test.elf
Invoking: ARM g++ linker
arm-xilinx-eabi-g++ -Wl,-T -Wl,../src/lscript.ld -L../../standalone_bsp_0/ps7_cortexa9_0/lib -o "test.elf"  ./src/main.o   -Wl,--start-group,-lxil,-lgcc,-lc,-lstdc++,--end-group
Finished building target: test.elf
 
Invoking: ARM Print Size
arm-xilinx-eabi-size test.elf  |tee "test.elf.size"
   text	   data	    bss	    dec	    hex	filename
 539284	 320588	  33128	 893000	  da048	test.elf
Finished building: test.elf.size
 
18:16:24 **** Auto Build of configuration Debug for project test ****
make all 
Building file: ../src/main.cc
Invoking: ARM g++ compiler
arm-xilinx-eabi-g++ -Wall -O0 -g3 -c -fmessage-length=0 -MT"src/main.o" -I../../standalone_bsp_0/ps7_cortexa9_0/include -MMD -MP -MF"src/main.d" -MT"src/main.d" -o "src/main.o" "../src/main.cc"
../src/main.cc:28:2: warning: #warning CHECK FOR THE VALID DDR ADDRESS IN XPARAMETERS.H, DEFAULT SET TO 0x01000000 [-Wcpp]
 #warning CHECK FOR THE VALID DDR ADDRESS IN XPARAMETERS.H, \
  ^
Finished building: ../src/main.cc
 
Building target: test.elf
Invoking: ARM g++ linker
arm-xilinx-eabi-g++ -Wl,-T -Wl,../src/lscript.ld -L../../standalone_bsp_0/ps7_cortexa9_0/lib -o "test.elf"  ./src/main.o   -Wl,--start-group,-lxil,-lgcc,-lc,-lstdc++,--end-group
Finished building target: test.elf
 
Invoking: ARM Print Size
arm-xilinx-eabi-size test.elf  |tee "test.elf.size"
   text	   data	    bss	    dec	    hex	filename
 539284	 320596	  33128	 893008	  da050	test.elf
Finished building: test.elf.size
 
18:33:43 **** Build of project bgsub_bsp ****
make -k all 
Running Make include in ps7_cortexa9_0/libsrc/ddrps_v1_0/src
make -C ps7_cortexa9_0/libsrc/ddrps_v1_0/src -s include  "SHELL=/bin/sh" "COMPILER=arm-xilinx-eabi-gcc" "ARCHIVER=arm-xilinx-eabi-ar" "COMPILER_FLAGS=  -O2 -c" "EXTRA_COMPILER_FLAGS=-g"
Running Make include in ps7_cortexa9_0/libsrc/uartps_v3_1/src
make -C ps7_cortexa9_0/libsrc/uartps_v3_1/src -s include  "SHELL=/bin/sh" "COMPILER=arm-xilinx-eabi-gcc" "ARCHIVER=arm-xilinx-eabi-ar" "COMPILER_FLAGS=  -O2 -c" "EXTRA_COMPILER_FLAGS=-g"
Running Make include in ps7_cortexa9_0/libsrc/devcfg_v3_3/src
make -C ps7_cortexa9_0/libsrc/devcfg_v3_3/src -s include  "SHELL=/bin/sh" "COMPILER=arm-xilinx-eabi-gcc" "ARCHIVER=arm-xilinx-eabi-ar" "COMPILER_FLAGS=  -O2 -c" "EXTRA_COMPILER_FLAGS=-g"
Running Make include in ps7_cortexa9_0/libsrc/xadcps_v2_2/src
make -C ps7_cortexa9_0/libsrc/xadcps_v2_2/src -s include  "SHELL=/bin/sh" "COMPILER=arm-xilinx-eabi-gcc" "ARCHIVER=arm-xilinx-eabi-ar" "COMPILER_FLAGS=  -O2 -c" "EXTRA_COMPILER_FLAGS=-g"
Running Make include in ps7_cortexa9_0/libsrc/ttcps_v3_0/src
make -C ps7_cortexa9_0/libsrc/ttcps_v3_0/src -s include  "SHELL=/bin/sh" "COMPILER=arm-xilinx-eabi-gcc" "ARCHIVER=arm-xilinx-eabi-ar" "COMPILER_FLAGS=  -O2 -c" "EXTRA_COMPILER_FLAGS=-g"
Running Make include in ps7_cortexa9_0/libsrc/axidma_v9_0/src
make -C ps7_cortexa9_0/libsrc/axidma_v9_0/src -s include  "SHELL=/bin/sh" "COMPILER=arm-xilinx-eabi-gcc" "ARCHIVER=arm-xilinx-eabi-ar" "COMPILER_FLAGS=  -O2 -c" "EXTRA_COMPILER_FLAGS=-g"
Running Make include in ps7_cortexa9_0/libsrc/gpiops_v3_1/src
make -C ps7_cortexa9_0/libsrc/gpiops_v3_1/src -s include  "SHELL=/bin/sh" "COMPILER=arm-xilinx-eabi-gcc" "ARCHIVER=arm-xilinx-eabi-ar" "COMPILER_FLAGS=  -O2 -c" "EXTRA_COMPILER_FLAGS=-g"
Running Make include in ps7_cortexa9_0/libsrc/canps_v3_0/src
make -C ps7_cortexa9_0/libsrc/canps_v3_0/src -s include  "SHELL=/bin/sh" "COMPILER=arm-xilinx-eabi-gcc" "ARCHIVER=arm-xilinx-eabi-ar" "COMPILER_FLAGS=  -O2 -c" "EXTRA_COMPILER_FLAGS=-g"
Running Make include in ps7_cortexa9_0/libsrc/scuwdt_v2_1/src
make -C ps7_cortexa9_0/libsrc/scuwdt_v2_1/src -s include  "SHELL=/bin/sh" "COMPILER=arm-xilinx-eabi-gcc" "ARCHIVER=arm-xilinx-eabi-ar" "COMPILER_FLAGS=  -O2 -c" "EXTRA_COMPILER_FLAGS=-g"
Running Make include in ps7_cortexa9_0/libsrc/standalone_v5_3/src
make -C ps7_cortexa9_0/libsrc/standalone_v5_3/src -s include  "SHELL=/bin/sh" "COMPILER=arm-xilinx-eabi-gcc" "ARCHIVER=arm-xilinx-eabi-ar" "COMPILER_FLAGS=  -O2 -c" "EXTRA_COMPILER_FLAGS=-g"
Running Make include in ps7_cortexa9_0/libsrc/iicps_v3_0/src
make -C ps7_cortexa9_0/libsrc/iicps_v3_0/src -s include  "SHELL=/bin/sh" "COMPILER=arm-xilinx-eabi-gcc" "ARCHIVER=arm-xilinx-eabi-ar" "COMPILER_FLAGS=  -O2 -c" "EXTRA_COMPILER_FLAGS=-g"
Running Make include in ps7_cortexa9_0/libsrc/doCNN_v1_0/src
make -C ps7_cortexa9_0/libsrc/doCNN_v1_0/src -s include  "SHELL=/bin/sh" "COMPILER=arm-xilinx-eabi-gcc" "ARCHIVER=arm-xilinx-eabi-ar" "COMPILER_FLAGS=  -O2 -c" "EXTRA_COMPILER_FLAGS=-g"
Running Make include in ps7_cortexa9_0/libsrc/emacps_v3_1/src
make -C ps7_cortexa9_0/libsrc/emacps_v3_1/src -s include  "SHELL=/bin/sh" "COMPILER=arm-xilinx-eabi-gcc" "ARCHIVER=arm-xilinx-eabi-ar" "COMPILER_FLAGS=  -O2 -c" "EXTRA_COMPILER_FLAGS=-g"
Running Make include in ps7_cortexa9_0/libsrc/sdps_v2_6/src
make -C ps7_cortexa9_0/libsrc/sdps_v2_6/src -s include  "SHELL=/bin/sh" "COMPILER=arm-xilinx-eabi-gcc" "ARCHIVER=arm-xilinx-eabi-ar" "COMPILER_FLAGS=  -O2 -c" "EXTRA_COMPILER_FLAGS=-g"
Running Make include in ps7_cortexa9_0/libsrc/scugic_v3_1/src
make -C ps7_cortexa9_0/libsrc/scugic_v3_1/src -s include  "SHELL=/bin/sh" "COMPILER=arm-xilinx-eabi-gcc" "ARCHIVER=arm-xilinx-eabi-ar" "COMPILER_FLAGS=  -O2 -c" "EXTRA_COMPILER_FLAGS=-g"
Running Make include in ps7_cortexa9_0/libsrc/usbps_v2_2/src
make -C ps7_cortexa9_0/libsrc/usbps_v2_2/src -s include  "SHELL=/bin/sh" "COMPILER=arm-xilinx-eabi-gcc" "ARCHIVER=arm-xilinx-eabi-ar" "COMPILER_FLAGS=  -O2 -c" "EXTRA_COMPILER_FLAGS=-g"
Running Make include in ps7_cortexa9_0/libsrc/coresightps_dcc_v1_2/src
make -C ps7_cortexa9_0/libsrc/coresightps_dcc_v1_2/src -s include  "SHELL=/bin/sh" "COMPILER=arm-xilinx-eabi-gcc" "ARCHIVER=arm-xilinx-eabi-ar" "COMPILER_FLAGS=  -O2 -c" "EXTRA_COMPILER_FLAGS=-g"
Running Make include in ps7_cortexa9_0/libsrc/scutimer_v2_1/src
make -C ps7_cortexa9_0/libsrc/scutimer_v2_1/src -s include  "SHELL=/bin/sh" "COMPILER=arm-xilinx-eabi-gcc" "ARCHIVER=arm-xilinx-eabi-ar" "COMPILER_FLAGS=  -O2 -c" "EXTRA_COMPILER_FLAGS=-g"
Running Make include in ps7_cortexa9_0/libsrc/dmaps_v2_1/src
make -C ps7_cortexa9_0/libsrc/dmaps_v2_1/src -s include  "SHELL=/bin/sh" "COMPILER=arm-xilinx-eabi-gcc" "ARCHIVER=arm-xilinx-eabi-ar" "COMPILER_FLAGS=  -O2 -c" "EXTRA_COMPILER_FLAGS=-g"
Running Make include in ps7_cortexa9_0/libsrc/cpu_cortexa9_v2_1/src
make -C ps7_cortexa9_0/libsrc/cpu_cortexa9_v2_1/src -s include  "SHELL=/bin/sh" "COMPILER=arm-xilinx-eabi-gcc" "ARCHIVER=arm-xilinx-eabi-ar" "COMPILER_FLAGS=  -O2 -c" "EXTRA_COMPILER_FLAGS=-g"
Running Make include in ps7_cortexa9_0/libsrc/qspips_v3_2/src
make -C ps7_cortexa9_0/libsrc/qspips_v3_2/src -s include  "SHELL=/bin/sh" "COMPILER=arm-xilinx-eabi-gcc" "ARCHIVER=arm-xilinx-eabi-ar" "COMPILER_FLAGS=  -O2 -c" "EXTRA_COMPILER_FLAGS=-g"
Running Make libs in ps7_cortexa9_0/libsrc/ddrps_v1_0/src
make -C ps7_cortexa9_0/libsrc/ddrps_v1_0/src -s libs  "SHELL=/bin/sh" "COMPILER=arm-xilinx-eabi-gcc" "ARCHIVER=arm-xilinx-eabi-ar" "COMPILER_FLAGS=  -O2 -c" "EXTRA_COMPILER_FLAGS=-g"
Compiling ddrps
arm-xilinx-eabi-ar: creating ../../../lib/libxil.a
Running Make libs in ps7_cortexa9_0/libsrc/uartps_v3_1/src
make -C ps7_cortexa9_0/libsrc/uartps_v3_1/src -s libs  "SHELL=/bin/sh" "COMPILER=arm-xilinx-eabi-gcc" "ARCHIVER=arm-xilinx-eabi-ar" "COMPILER_FLAGS=  -O2 -c" "EXTRA_COMPILER_FLAGS=-g"
Compiling uartps
Running Make libs in ps7_cortexa9_0/libsrc/devcfg_v3_3/src
make -C ps7_cortexa9_0/libsrc/devcfg_v3_3/src -s libs  "SHELL=/bin/sh" "COMPILER=arm-xilinx-eabi-gcc" "ARCHIVER=arm-xilinx-eabi-ar" "COMPILER_FLAGS=  -O2 -c" "EXTRA_COMPILER_FLAGS=-g"
Compiling devcfg
Running Make libs in ps7_cortexa9_0/libsrc/xadcps_v2_2/src
make -C ps7_cortexa9_0/libsrc/xadcps_v2_2/src -s libs  "SHELL=/bin/sh" "COMPILER=arm-xilinx-eabi-gcc" "ARCHIVER=arm-xilinx-eabi-ar" "COMPILER_FLAGS=  -O2 -c" "EXTRA_COMPILER_FLAGS=-g"
Compiling xadcps
Running Make libs in ps7_cortexa9_0/libsrc/ttcps_v3_0/src
make -C ps7_cortexa9_0/libsrc/ttcps_v3_0/src -s libs  "SHELL=/bin/sh" "COMPILER=arm-xilinx-eabi-gcc" "ARCHIVER=arm-xilinx-eabi-ar" "COMPILER_FLAGS=  -O2 -c" "EXTRA_COMPILER_FLAGS=-g"
Compiling ttcps
Running Make libs in ps7_cortexa9_0/libsrc/axidma_v9_0/src
make -C ps7_cortexa9_0/libsrc/axidma_v9_0/src -s libs  "SHELL=/bin/sh" "COMPILER=arm-xilinx-eabi-gcc" "ARCHIVER=arm-xilinx-eabi-ar" "COMPILER_FLAGS=  -O2 -c" "EXTRA_COMPILER_FLAGS=-g"
Compiling axidma
In file included from xaxidma.h:470:0,
                 from xaxidma.c:83:
xaxidma.c: In function 'XAxiDma_Reset':
xaxidma_bdring.h:238:26: warning: assignment makes pointer from integer without a cast
    (RingPtr)->BdaRestart =      \
                          ^
xaxidma.c:313:3: note: in expansion of macro 'XAxiDma_BdRingSnapShotCurrBd'
   XAxiDma_BdRingSnapShotCurrBd(TxRingPtr);
   ^
xaxidma_bdring.h:243:27: warning: assignment makes pointer from integer without a cast
     (RingPtr)->BdaRestart =     \
                           ^
xaxidma.c:313:3: note: in expansion of macro 'XAxiDma_BdRingSnapShotCurrBd'
   XAxiDma_BdRingSnapShotCurrBd(TxRingPtr);
   ^
xaxidma_bdring.h:248:27: warning: assignment makes pointer from integer without a cast
     (RingPtr)->BdaRestart =     \
                           ^
xaxidma.c:313:3: note: in expansion of macro 'XAxiDma_BdRingSnapShotCurrBd'
   XAxiDma_BdRingSnapShotCurrBd(TxRingPtr);
   ^
xaxidma_bdring.h:238:26: warning: assignment makes pointer from integer without a cast
    (RingPtr)->BdaRestart =      \
                          ^
xaxidma.c:319:4: note: in expansion of macro 'XAxiDma_BdRingSnapShotCurrBd'
    XAxiDma_BdRingSnapShotCurrBd(RxRingPtr);
    ^
xaxidma_bdring.h:243:27: warning: assignment makes pointer from integer without a cast
     (RingPtr)->BdaRestart =     \
                           ^
xaxidma.c:319:4: note: in expansion of macro 'XAxiDma_BdRingSnapShotCurrBd'
    XAxiDma_BdRingSnapShotCurrBd(RxRingPtr);
    ^
xaxidma_bdring.h:248:27: warning: assignment makes pointer from integer without a cast
     (RingPtr)->BdaRestart =     \
                           ^
xaxidma.c:319:4: note: in expansion of macro 'XAxiDma_BdRingSnapShotCurrBd'
    XAxiDma_BdRingSnapShotCurrBd(RxRingPtr);
    ^
Running Make libs in ps7_cortexa9_0/libsrc/gpiops_v3_1/src
make -C ps7_cortexa9_0/libsrc/gpiops_v3_1/src -s libs  "SHELL=/bin/sh" "COMPILER=arm-xilinx-eabi-gcc" "ARCHIVER=arm-xilinx-eabi-ar" "COMPILER_FLAGS=  -O2 -c" "EXTRA_COMPILER_FLAGS=-g"
Compiling gpiops
Running Make libs in ps7_cortexa9_0/libsrc/canps_v3_0/src
make -C ps7_cortexa9_0/libsrc/canps_v3_0/src -s libs  "SHELL=/bin/sh" "COMPILER=arm-xilinx-eabi-gcc" "ARCHIVER=arm-xilinx-eabi-ar" "COMPILER_FLAGS=  -O2 -c" "EXTRA_COMPILER_FLAGS=-g"
Compiling canps
Running Make libs in ps7_cortexa9_0/libsrc/scuwdt_v2_1/src
make -C ps7_cortexa9_0/libsrc/scuwdt_v2_1/src -s libs  "SHELL=/bin/sh" "COMPILER=arm-xilinx-eabi-gcc" "ARCHIVER=arm-xilinx-eabi-ar" "COMPILER_FLAGS=  -O2 -c" "EXTRA_COMPILER_FLAGS=-g"
Compiling scuwdt
Running Make libs in ps7_cortexa9_0/libsrc/standalone_v5_3/src
make -C ps7_cortexa9_0/libsrc/standalone_v5_3/src -s libs  "SHELL=/bin/sh" "COMPILER=arm-xilinx-eabi-gcc" "ARCHIVER=arm-xilinx-eabi-ar" "COMPILER_FLAGS=  -O2 -c" "EXTRA_COMPILER_FLAGS=-g"
Compiling standalone
Running Make libs in ps7_cortexa9_0/libsrc/iicps_v3_0/src
make -C ps7_cortexa9_0/libsrc/iicps_v3_0/src -s libs  "SHELL=/bin/sh" "COMPILER=arm-xilinx-eabi-gcc" "ARCHIVER=arm-xilinx-eabi-ar" "COMPILER_FLAGS=  -O2 -c" "EXTRA_COMPILER_FLAGS=-g"
Compiling iicps
Running Make libs in ps7_cortexa9_0/libsrc/doCNN_v1_0/src
make -C ps7_cortexa9_0/libsrc/doCNN_v1_0/src -s libs  "SHELL=/bin/sh" "COMPILER=arm-xilinx-eabi-gcc" "ARCHIVER=arm-xilinx-eabi-ar" "COMPILER_FLAGS=  -O2 -c" "EXTRA_COMPILER_FLAGS=-g"
Compiling doCNN
Running Make libs in ps7_cortexa9_0/libsrc/emacps_v3_1/src
make -C ps7_cortexa9_0/libsrc/emacps_v3_1/src -s libs  "SHELL=/bin/sh" "COMPILER=arm-xilinx-eabi-gcc" "ARCHIVER=arm-xilinx-eabi-ar" "COMPILER_FLAGS=  -O2 -c" "EXTRA_COMPILER_FLAGS=-g"
Compiling emacps
Running Make libs in ps7_cortexa9_0/libsrc/sdps_v2_6/src
make -C ps7_cortexa9_0/libsrc/sdps_v2_6/src -s libs  "SHELL=/bin/sh" "COMPILER=arm-xilinx-eabi-gcc" "ARCHIVER=arm-xilinx-eabi-ar" "COMPILER_FLAGS=  -O2 -c" "EXTRA_COMPILER_FLAGS=-g"
Compiling sdps
Running Make libs in ps7_cortexa9_0/libsrc/scugic_v3_1/src
make -C ps7_cortexa9_0/libsrc/scugic_v3_1/src -s libs  "SHELL=/bin/sh" "COMPILER=arm-xilinx-eabi-gcc" "ARCHIVER=arm-xilinx-eabi-ar" "COMPILER_FLAGS=  -O2 -c" "EXTRA_COMPILER_FLAGS=-g"
Compiling scugic
Running Make libs in ps7_cortexa9_0/libsrc/usbps_v2_2/src
make -C ps7_cortexa9_0/libsrc/usbps_v2_2/src -s libs  "SHELL=/bin/sh" "COMPILER=arm-xilinx-eabi-gcc" "ARCHIVER=arm-xilinx-eabi-ar" "COMPILER_FLAGS=  -O2 -c" "EXTRA_COMPILER_FLAGS=-g"
Compiling usbps
Running Make libs in ps7_cortexa9_0/libsrc/coresightps_dcc_v1_2/src
make -C ps7_cortexa9_0/libsrc/coresightps_dcc_v1_2/src -s libs  "SHELL=/bin/sh" "COMPILER=arm-xilinx-eabi-gcc" "ARCHIVER=arm-xilinx-eabi-ar" "COMPILER_FLAGS=  -O2 -c" "EXTRA_COMPILER_FLAGS=-g"
Compiling coresightps_dcc
Running Make libs in ps7_cortexa9_0/libsrc/scutimer_v2_1/src
make -C ps7_cortexa9_0/libsrc/scutimer_v2_1/src -s libs  "SHELL=/bin/sh" "COMPILER=arm-xilinx-eabi-gcc" "ARCHIVER=arm-xilinx-eabi-ar" "COMPILER_FLAGS=  -O2 -c" "EXTRA_COMPILER_FLAGS=-g"
Compiling scutimer
Running Make libs in ps7_cortexa9_0/libsrc/dmaps_v2_1/src
make -C ps7_cortexa9_0/libsrc/dmaps_v2_1/src -s libs  "SHELL=/bin/sh" "COMPILER=arm-xilinx-eabi-gcc" "ARCHIVER=arm-xilinx-eabi-ar" "COMPILER_FLAGS=  -O2 -c" "EXTRA_COMPILER_FLAGS=-g"
Compiling dmaps
Running Make libs in ps7_cortexa9_0/libsrc/cpu_cortexa9_v2_1/src
make -C ps7_cortexa9_0/libsrc/cpu_cortexa9_v2_1/src -s libs  "SHELL=/bin/sh" "COMPILER=arm-xilinx-eabi-gcc" "ARCHIVER=arm-xilinx-eabi-ar" "COMPILER_FLAGS=  -O2 -c" "EXTRA_COMPILER_FLAGS=-g"
Compiling cpu_cortexa9
Running Make libs in ps7_cortexa9_0/libsrc/qspips_v3_2/src
make -C ps7_cortexa9_0/libsrc/qspips_v3_2/src -s libs  "SHELL=/bin/sh" "COMPILER=arm-xilinx-eabi-gcc" "ARCHIVER=arm-xilinx-eabi-ar" "COMPILER_FLAGS=  -O2 -c" "EXTRA_COMPILER_FLAGS=-g"
Compiling qspips
Finished building libraries
18:34:00 **** Build of configuration Debug for project bgsub ****
make all 
Building file: ../src/main.cc
Invoking: ARM g++ compiler
arm-xilinx-eabi-g++ -Wall -O0 -g3 -c -fmessage-length=0 -MT"src/main.o" -I../../bgsub_bsp/ps7_cortexa9_0/include -MMD -MP -MF"src/main.d" -MT"src/main.d" -o "src/main.o" "../src/main.cc"
Finished building: ../src/main.cc
 
Building target: bgsub.elf
Invoking: ARM g++ linker
arm-xilinx-eabi-g++ -Wl,-T -Wl,../src/lscript.ld -L../../bgsub_bsp/ps7_cortexa9_0/lib -o "bgsub.elf"  ./src/main.o   -Wl,--start-group,-lxil,-lgcc,-lc,-lstdc++,--end-group
Finished building target: bgsub.elf
 
Invoking: ARM Print Size
arm-xilinx-eabi-size bgsub.elf  |tee "bgsub.elf.size"
   text	   data	    bss	    dec	    hex	filename
  19388	   1152	  22572	  43112	   a868	bgsub.elf
Finished building: bgsub.elf.size
 
18:34:02 **** Auto Build of configuration Debug for project bgsub ****
make all 
make: Nothing to be done for 'all'.
18:35:58 **** Auto Build of configuration Debug for project bgsub ****
make all 
Building file: ../src/main.cc
Invoking: ARM g++ compiler
arm-xilinx-eabi-g++ -Wall -O0 -g3 -c -fmessage-length=0 -MT"src/main.o" -I../../bgsub_bsp/ps7_cortexa9_0/include -MMD -MP -MF"src/main.d" -MT"src/main.d" -o "src/main.o" "../src/main.cc"
../src/main.cc:11:20: fatal error: frame1.h: No such file or directory
 #include "frame1.h"
                    ^
compilation terminated.
src/subdir.mk:21: recipe for target 'src/main.o' failed
make: *** [src/main.o] Error 1
18:39:03 **** Auto Build of configuration Debug for project bgsub ****
make all 
Building file: ../src/main.cc
Invoking: ARM g++ compiler
arm-xilinx-eabi-g++ -Wall -O0 -g3 -c -fmessage-length=0 -MT"src/main.o" -I../../bgsub_bsp/ps7_cortexa9_0/include -MMD -MP -MF"src/main.d" -MT"src/main.d" -o "src/main.o" "../src/main.cc"
../src/main.cc:11:20: fatal error: frame1.h: No such file or directory
 #include "frame1.h"
                    ^
compilation terminated.
src/subdir.mk:21: recipe for target 'src/main.o' failed
make: *** [src/main.o] Error 1
18:39:30 **** Auto Build of configuration Debug for project bgsub ****
make all 
Building file: ../src/main.cc
Invoking: ARM g++ compiler
arm-xilinx-eabi-g++ -Wall -O0 -g3 -c -fmessage-length=0 -MT"src/main.o" -I../../bgsub_bsp/ps7_cortexa9_0/include -MMD -MP -MF"src/main.d" -MT"src/main.d" -o "src/main.o" "../src/main.cc"
../src/main.cc:11:20: fatal error: frame1.h: No such file or directory
 #include "frame1.h"
                    ^
compilation terminated.
src/subdir.mk:21: recipe for target 'src/main.o' failed
make: *** [src/main.o] Error 1
18:40:43 **** Build of configuration Debug for project linux_cross_compile ****
make all 
Building file: ../src/main.cc
Invoking: ARM Linux g++ compiler
arm-xilinx-linux-gnueabi-g++ -Wall -O0 -g3 -c -fmessage-length=0 -MT"src/main.o" -MMD -MP -MF"src/main.d" -MT"src/main.d" -o "src/main.o" "../src/main.cc"
Finished building: ../src/main.cc
 
Building target: linux_cross_compile.elf
Invoking: ARM Linux g++ linker
arm-xilinx-linux-gnueabi-g++  -o "linux_cross_compile.elf"  ./src/main.o   
Finished building target: linux_cross_compile.elf
 
Invoking: ARM Linux Print Size
arm-xilinx-linux-gnueabi-size linux_cross_compile.elf  |tee "linux_cross_compile.elf.size"
   text	   data	    bss	    dec	    hex	filename
   1176	    304	      4	   1484	    5cc	linux_cross_compile.elf
Finished building: linux_cross_compile.elf.size
 
18:40:45 **** Auto Build of configuration Debug for project linux_cross_compile ****
make all 
make: Nothing to be done for 'all'.
18:42:30 **** Auto Build of configuration Debug for project linux_cross_compile ****
make all 
Building file: ../src/main.cc
Invoking: ARM Linux g++ compiler
arm-xilinx-linux-gnueabi-g++ -Wall -O0 -g3 -c -fmessage-length=0 -MT"src/main.o" -MMD -MP -MF"src/main.d" -MT"src/main.d" -o "src/main.o" "../src/main.cc"
Finished building: ../src/main.cc
 
Building target: linux_cross_compile.elf
Invoking: ARM Linux g++ linker
arm-xilinx-linux-gnueabi-g++  -o "linux_cross_compile.elf"  ./src/main.o   
Finished building target: linux_cross_compile.elf
 
Invoking: ARM Linux Print Size
arm-xilinx-linux-gnueabi-size linux_cross_compile.elf  |tee "linux_cross_compile.elf.size"
   text	   data	    bss	    dec	    hex	filename
   1602	    320	      8	   1930	    78a	linux_cross_compile.elf
Finished building: linux_cross_compile.elf.size
 
18:43:52 **** Auto Build of configuration Debug for project linux_cross_compile ****
make all 
Building file: ../src/main.cc
Invoking: ARM Linux g++ compiler
arm-xilinx-linux-gnueabi-g++ -Wall -O0 -g3 -c -fmessage-length=0 -MT"src/main.o" -MMD -MP -MF"src/main.d" -MT"src/main.d" -o "src/main.o" "../src/main.cc"
Finished building: ../src/main.cc
 
Building target: linux_cross_compile.elf
Invoking: ARM Linux g++ linker
arm-xilinx-linux-gnueabi-g++  -o "linux_cross_compile.elf"  ./src/main.o   
Finished building target: linux_cross_compile.elf
 
Invoking: ARM Linux Print Size
arm-xilinx-linux-gnueabi-size linux_cross_compile.elf  |tee "linux_cross_compile.elf.size"
   text	   data	    bss	    dec	    hex	filename
   5008	    400	    148	   5556	   15b4	linux_cross_compile.elf
Finished building: linux_cross_compile.elf.size
 
18:50:50 **** Auto Build of configuration Debug for project bgsub ****
make all 
Building file: ../src/main.cc
Invoking: ARM g++ compiler
arm-xilinx-eabi-g++ -Wall -O0 -g3 -c -fmessage-length=0 -MT"src/main.o" -I../../bgsub_bsp/ps7_cortexa9_0/include -MMD -MP -MF"src/main.d" -MT"src/main.d" -o "src/main.o" "../src/main.cc"
../src/main.cc:11:20: fatal error: frame1.h: No such file or directory
 #include "frame1.h"
                    ^
compilation terminated.
src/subdir.mk:21: recipe for target 'src/main.o' failed
make: *** [src/main.o] Error 1
18:53:20 **** Auto Build of configuration Debug for project bgsub ****
make all 
Building file: ../src/main.cc
Invoking: ARM g++ compiler
arm-xilinx-eabi-g++ -Wall -O0 -g3 -c -fmessage-length=0 -MT"src/main.o" -I../../bgsub_bsp/ps7_cortexa9_0/include -MMD -MP -MF"src/main.d" -MT"src/main.d" -o "src/main.o" "../src/main.cc"
../src/main.cc:28:2: warning: #warning CHECK FOR THE VALID DDR ADDRESS IN XPARAMETERS.H, DEFAULT SET TO 0x01000000 [-Wcpp]
 #warning CHECK FOR THE VALID DDR ADDRESS IN XPARAMETERS.H, \
  ^
../src/main.cc: In function 'int main()':
../src/main.cc:107:26: error: 'axiDma' was not declared in this scope
  XAxiDma_SimpleTransfer(&axiDma,(u32)m_dma_buffer_RX,sizeof(unsigned char)*288*360,XAXIDMA_DEVICE_TO_DMA);
                          ^
make: *** [src/main.o] Error 1
src/subdir.mk:21: recipe for target 'src/main.o' failed
18:53:39 **** Auto Build of configuration Debug for project bgsub ****
make all 
Building file: ../src/main.cc
Invoking: ARM g++ compiler
arm-xilinx-eabi-g++ -Wall -O0 -g3 -c -fmessage-length=0 -MT"src/main.o" -I../../bgsub_bsp/ps7_cortexa9_0/include -MMD -MP -MF"src/main.d" -MT"src/main.d" -o "src/main.o" "../src/main.cc"
../src/main.cc:28:2: warning: #warning CHECK FOR THE VALID DDR ADDRESS IN XPARAMETERS.H, DEFAULT SET TO 0x01000000 [-Wcpp]
 #warning CHECK FOR THE VALID DDR ADDRESS IN XPARAMETERS.H, \
  ^
Finished building: ../src/main.cc
 
Building target: bgsub.elf
Invoking: ARM g++ linker
arm-xilinx-eabi-g++ -Wl,-T -Wl,../src/lscript.ld -L../../bgsub_bsp/ps7_cortexa9_0/lib -o "bgsub.elf"  ./src/main.o   -Wl,--start-group,-lxil,-lgcc,-lc,-lstdc++,--end-group
Finished building target: bgsub.elf
 
Invoking: ARM Print Size
arm-xilinx-eabi-size bgsub.elf  |tee "bgsub.elf.size"
   text	   data	    bss	    dec	    hex	filename
 539604	 320596	  33128	 893328	  da190	bgsub.elf
Finished building: bgsub.elf.size
 
18:56:53 **** Auto Build of configuration Debug for project bgsub ****
make all 
Building file: ../src/main.cc
Invoking: ARM g++ compiler
arm-xilinx-eabi-g++ -Wall -O0 -g3 -c -fmessage-length=0 -MT"src/main.o" -I../../bgsub_bsp/ps7_cortexa9_0/include -MMD -MP -MF"src/main.d" -MT"src/main.d" -o "src/main.o" "../src/main.cc"
../src/main.cc:28:2: warning: #warning CHECK FOR THE VALID DDR ADDRESS IN XPARAMETERS.H, DEFAULT SET TO 0x01000000 [-Wcpp]
 #warning CHECK FOR THE VALID DDR ADDRESS IN XPARAMETERS.H, \
  ^
../src/main.cc: In function 'int main()':
../src/main.cc:110:22: error: 'axiDma' was not declared in this scope
  while(XAxiDma_Busy(&axiDma,XAXIDMA_DMA_TO_DEVICE));
                      ^
../src/main.cc:111:22: error: 'axiDma' was not declared in this scope
  while(XAxiDma_Busy(&axiDma,XAXIDMA_DEVICE_TO_DMA);
                      ^
../src/main.cc:111:51: error: expected ')' before ';' token
  while(XAxiDma_Busy(&axiDma,XAXIDMA_DEVICE_TO_DMA);
                                                   ^
make: *** [src/main.o] Error 1
src/subdir.mk:21: recipe for target 'src/main.o' failed
18:57:29 **** Auto Build of configuration Debug for project bgsub ****
make all 
Building file: ../src/main.cc
Invoking: ARM g++ compiler
arm-xilinx-eabi-g++ -Wall -O0 -g3 -c -fmessage-length=0 -MT"src/main.o" -I../../bgsub_bsp/ps7_cortexa9_0/include -MMD -MP -MF"src/main.d" -MT"src/main.d" -o "src/main.o" "../src/main.cc"
../src/main.cc:28:2: warning: #warning CHECK FOR THE VALID DDR ADDRESS IN XPARAMETERS.H, DEFAULT SET TO 0x01000000 [-Wcpp]
 #warning CHECK FOR THE VALID DDR ADDRESS IN XPARAMETERS.H, \
  ^
Finished building: ../src/main.cc
 
Building target: bgsub.elf
Invoking: ARM g++ linker
arm-xilinx-eabi-g++ -Wl,-T -Wl,../src/lscript.ld -L../../bgsub_bsp/ps7_cortexa9_0/lib -o "bgsub.elf"  ./src/main.o   -Wl,--start-group,-lxil,-lgcc,-lc,-lstdc++,--end-group
Finished building target: bgsub.elf
 
Invoking: ARM Print Size
arm-xilinx-eabi-size bgsub.elf  |tee "bgsub.elf.size"
   text	   data	    bss	    dec	    hex	filename
 539732	 320596	  33128	 893456	  da210	bgsub.elf
Finished building: bgsub.elf.size
 
18:58:47 **** Auto Build of configuration Debug for project bgsub ****
make all 
Building file: ../src/main.cc
Invoking: ARM g++ compiler
arm-xilinx-eabi-g++ -Wall -O0 -g3 -c -fmessage-length=0 -MT"src/main.o" -I../../bgsub_bsp/ps7_cortexa9_0/include -MMD -MP -MF"src/main.d" -MT"src/main.d" -o "src/main.o" "../src/main.cc"
../src/main.cc:28:2: warning: #warning CHECK FOR THE VALID DDR ADDRESS IN XPARAMETERS.H, DEFAULT SET TO 0x01000000 [-Wcpp]
 #warning CHECK FOR THE VALID DDR ADDRESS IN XPARAMETERS.H, \
  ^
Finished building: ../src/main.cc
 
Building target: bgsub.elf
Invoking: ARM g++ linker
arm-xilinx-eabi-g++ -Wl,-T -Wl,../src/lscript.ld -L../../bgsub_bsp/ps7_cortexa9_0/lib -o "bgsub.elf"  ./src/main.o   -Wl,--start-group,-lxil,-lgcc,-lc,-lstdc++,--end-group
Finished building target: bgsub.elf
 
Invoking: ARM Print Size
arm-xilinx-eabi-size bgsub.elf  |tee "bgsub.elf.size"
   text	   data	    bss	    dec	    hex	filename
 539796	 320596	  33128	 893520	  da250	bgsub.elf
Finished building: bgsub.elf.size
 
19:13:21 **** Build of configuration Debug for project test ****
make all 
Building file: ../src/helloworld.c
Invoking: ARM Linux gcc compiler
arm-xilinx-linux-gnueabi-gcc -Wall -O0 -g3 -c -fmessage-length=0 -MT"src/helloworld.o" -MMD -MP -MF"src/helloworld.d" -MT"src/helloworld.d" -o "src/helloworld.o" "../src/helloworld.c"
Finished building: ../src/helloworld.c
 
Building target: test.elf
Invoking: ARM Linux gcc linker
arm-xilinx-linux-gnueabi-gcc  -o "test.elf"  ./src/helloworld.o   
Finished building target: test.elf
 
Invoking: ARM Linux Print Size
arm-xilinx-linux-gnueabi-size test.elf  |tee "test.elf.size"
   text	   data	    bss	    dec	    hex	filename
   1226	    292	      4	   1522	    5f2	test.elf
Finished building: test.elf.size
 
19:13:23 **** Auto Build of configuration Debug for project test ****
make all 
make: Nothing to be done for 'all'.
